Archive member included to satisfy reference by file (symbol)

c:/program files (x86)/atmel/studio/7.0/toolchain/avr8/avr8-gnu-toolchain/bin/../lib/gcc/avr/5.4.0/avr5\libgcc.a(_udivmodsi4.o)
                              HAL/Temp_Sensor/Temp_Sensor.o (__udivmodsi4)
c:/program files (x86)/atmel/studio/7.0/toolchain/avr8/avr8-gnu-toolchain/bin/../lib/gcc/avr/5.4.0/avr5\libgcc.a(_exit.o)
                              C:/Program Files (x86)/Atmel/Studio/7.0/Packs/atmel/ATmega_DFP/1.6.364/gcc/dev/atmega32/avr5/crtatmega32.o (exit)
c:/program files (x86)/atmel/studio/7.0/toolchain/avr8/avr8-gnu-toolchain/bin/../lib/gcc/avr/5.4.0/avr5\libgcc.a(_copy_data.o)
                              APP/main.o (__do_copy_data)
c:/program files (x86)/atmel/studio/7.0/toolchain/avr8/avr8-gnu-toolchain/bin/../lib/gcc/avr/5.4.0/avr5\libgcc.a(_umulhisi3.o)
                              HAL/Temp_Sensor/Temp_Sensor.o (__umulhisi3)
c:/program files (x86)/atmel/studio/7.0/toolchain/avr8/avr8-gnu-toolchain/bin/../lib/gcc/avr/5.4.0/../../../../avr/lib/avr5\libc.a(ltoa.o)
                              HAL/LCD/LCD.o (ltoa)
c:/program files (x86)/atmel/studio/7.0/toolchain/avr8/avr8-gnu-toolchain/bin/../lib/gcc/avr/5.4.0/../../../../avr/lib/avr5\libc.a(ltoa_ncheck.o)
                              c:/program files (x86)/atmel/studio/7.0/toolchain/avr8/avr8-gnu-toolchain/bin/../lib/gcc/avr/5.4.0/../../../../avr/lib/avr5\libc.a(ltoa.o) (__ltoa_ncheck)
c:/program files (x86)/atmel/studio/7.0/toolchain/avr8/avr8-gnu-toolchain/bin/../lib/gcc/avr/5.4.0/../../../../avr/lib/avr5\libc.a(ultoa_ncheck.o)
                              c:/program files (x86)/atmel/studio/7.0/toolchain/avr8/avr8-gnu-toolchain/bin/../lib/gcc/avr/5.4.0/../../../../avr/lib/avr5\libc.a(ltoa_ncheck.o) (__ultoa_common)
c:/program files (x86)/atmel/studio/7.0/toolchain/avr8/avr8-gnu-toolchain/bin/../lib/gcc/avr/5.4.0/../../../../avr/lib/avr5\libc.a(strrev.o)
                              c:/program files (x86)/atmel/studio/7.0/toolchain/avr8/avr8-gnu-toolchain/bin/../lib/gcc/avr/5.4.0/../../../../avr/lib/avr5\libc.a(ultoa_ncheck.o) (strrev)

Discarded input sections

 .data          0x00000000        0x0 C:/Program Files (x86)/Atmel/Studio/7.0/Packs/atmel/ATmega_DFP/1.6.364/gcc/dev/atmega32/avr5/crtatmega32.o
 .bss           0x00000000        0x0 C:/Program Files (x86)/Atmel/Studio/7.0/Packs/atmel/ATmega_DFP/1.6.364/gcc/dev/atmega32/avr5/crtatmega32.o
 .text          0x00000000        0x0 APP/main.o
 .data          0x00000000        0x0 APP/main.o
 .bss           0x00000000        0x0 APP/main.o
 .text          0x00000000        0x0 HAL/ADC/ADC.o
 .data          0x00000000        0x0 HAL/ADC/ADC.o
 .bss           0x00000000        0x0 HAL/ADC/ADC.o
 .text          0x00000000        0x0 HAL/Button/BUTTON.o
 .data          0x00000000        0x0 HAL/Button/BUTTON.o
 .bss           0x00000000        0x0 HAL/Button/BUTTON.o
 .text.BTN0_Init
                0x00000000        0xc HAL/Button/BUTTON.o
 .text.BTN0_Read
                0x00000000       0x46 HAL/Button/BUTTON.o
 .debug_info    0x00000000      0x1d1 HAL/Button/BUTTON.o
 .debug_abbrev  0x00000000      0x11c HAL/Button/BUTTON.o
 .debug_loc     0x00000000       0x90 HAL/Button/BUTTON.o
 .debug_aranges
                0x00000000       0x28 HAL/Button/BUTTON.o
 .debug_ranges  0x00000000       0x18 HAL/Button/BUTTON.o
 .debug_line    0x00000000      0x177 HAL/Button/BUTTON.o
 .debug_str     0x00000000      0x22b HAL/Button/BUTTON.o
 .comment       0x00000000       0x31 HAL/Button/BUTTON.o
 .debug_frame   0x00000000       0x44 HAL/Button/BUTTON.o
 .text          0x00000000        0x0 HAL/Buzzer/Buzzer.o
 .data          0x00000000        0x0 HAL/Buzzer/Buzzer.o
 .bss           0x00000000        0x0 HAL/Buzzer/Buzzer.o
 .text.Buzzer_Init
                0x00000000        0xc HAL/Buzzer/Buzzer.o
 .text.Buzzer_ON
                0x00000000        0xc HAL/Buzzer/Buzzer.o
 .text.Buzzer_OFF
                0x00000000        0xc HAL/Buzzer/Buzzer.o
 .text.Buzzer_TGL
                0x00000000        0xc HAL/Buzzer/Buzzer.o
 .debug_info    0x00000000      0x168 HAL/Buzzer/Buzzer.o
 .debug_abbrev  0x00000000       0x6f HAL/Buzzer/Buzzer.o
 .debug_aranges
                0x00000000       0x38 HAL/Buzzer/Buzzer.o
 .debug_ranges  0x00000000       0x28 HAL/Buzzer/Buzzer.o
 .debug_line    0x00000000       0x9b HAL/Buzzer/Buzzer.o
 .debug_str     0x00000000      0x1ec HAL/Buzzer/Buzzer.o
 .comment       0x00000000       0x31 HAL/Buzzer/Buzzer.o
 .debug_frame   0x00000000       0x54 HAL/Buzzer/Buzzer.o
 .text          0x00000000        0x0 HAL/Ext_Interrupt/EXT_INTERRUPT.o
 .data          0x00000000        0x0 HAL/Ext_Interrupt/EXT_INTERRUPT.o
 .bss           0x00000000        0x0 HAL/Ext_Interrupt/EXT_INTERRUPT.o
 .text.GLOBAL_INTERRUPT_Init
                0x00000000        0x8 HAL/Ext_Interrupt/EXT_INTERRUPT.o
 .text.EXT_INTERRUPT0_Init
                0x00000000       0x18 HAL/Ext_Interrupt/EXT_INTERRUPT.o
 .text.EXT_INTERRUPT1_Init
                0x00000000        0x2 HAL/Ext_Interrupt/EXT_INTERRUPT.o
 .text.EXT_INTERRUPT2_Init
                0x00000000        0x2 HAL/Ext_Interrupt/EXT_INTERRUPT.o
 .debug_info    0x00000000       0xef HAL/Ext_Interrupt/EXT_INTERRUPT.o
 .debug_abbrev  0x00000000       0x76 HAL/Ext_Interrupt/EXT_INTERRUPT.o
 .debug_aranges
                0x00000000       0x38 HAL/Ext_Interrupt/EXT_INTERRUPT.o
 .debug_ranges  0x00000000       0x28 HAL/Ext_Interrupt/EXT_INTERRUPT.o
 .debug_line    0x00000000       0xb4 HAL/Ext_Interrupt/EXT_INTERRUPT.o
 .debug_str     0x00000000      0x201 HAL/Ext_Interrupt/EXT_INTERRUPT.o
 .comment       0x00000000       0x31 HAL/Ext_Interrupt/EXT_INTERRUPT.o
 .debug_frame   0x00000000       0x54 HAL/Ext_Interrupt/EXT_INTERRUPT.o
 .text          0x00000000        0x0 HAL/Hbridge/Hbridge.o
 .data          0x00000000        0x0 HAL/Hbridge/Hbridge.o
 .bss           0x00000000        0x0 HAL/Hbridge/Hbridge.o
 .text.Motor_A_Init
                0x00000000       0x34 HAL/Hbridge/Hbridge.o
 .text.Motor_A_Enable
                0x00000000       0x34 HAL/Hbridge/Hbridge.o
 .debug_info    0x00000000      0x1f0 HAL/Hbridge/Hbridge.o
 .debug_abbrev  0x00000000       0x7e HAL/Hbridge/Hbridge.o
 .debug_aranges
                0x00000000       0x28 HAL/Hbridge/Hbridge.o
 .debug_ranges  0x00000000       0x18 HAL/Hbridge/Hbridge.o
 .debug_line    0x00000000       0xad HAL/Hbridge/Hbridge.o
 .debug_str     0x00000000      0x1de HAL/Hbridge/Hbridge.o
 .comment       0x00000000       0x31 HAL/Hbridge/Hbridge.o
 .debug_frame   0x00000000       0x34 HAL/Hbridge/Hbridge.o
 .text          0x00000000        0x0 HAL/Keypad/KEYPAD.o
 .data          0x00000000        0x0 HAL/Keypad/KEYPAD.o
 .bss           0x00000000        0x0 HAL/Keypad/KEYPAD.o
 .text.KEYPAD_Init
                0x00000000       0x9a HAL/Keypad/KEYPAD.o
 .text.KEYPAD_READ
                0x00000000       0x9a HAL/Keypad/KEYPAD.o
 .rodata.KEYPAD
                0x00000000       0x10 HAL/Keypad/KEYPAD.o
 .debug_info    0x00000000      0x420 HAL/Keypad/KEYPAD.o
 .debug_abbrev  0x00000000      0x164 HAL/Keypad/KEYPAD.o
 .debug_loc     0x00000000      0x12b HAL/Keypad/KEYPAD.o
 .debug_aranges
                0x00000000       0x28 HAL/Keypad/KEYPAD.o
 .debug_ranges  0x00000000       0x18 HAL/Keypad/KEYPAD.o
 .debug_line    0x00000000      0x22b HAL/Keypad/KEYPAD.o
 .debug_str     0x00000000      0x268 HAL/Keypad/KEYPAD.o
 .comment       0x00000000       0x31 HAL/Keypad/KEYPAD.o
 .debug_frame   0x00000000       0x54 HAL/Keypad/KEYPAD.o
 .text          0x00000000        0x0 HAL/LCD/LCD.o
 .data          0x00000000        0x0 HAL/LCD/LCD.o
 .bss           0x00000000        0x0 HAL/LCD/LCD.o
 .text          0x00000000        0x0 HAL/LED/LED.o
 .data          0x00000000        0x0 HAL/LED/LED.o
 .bss           0x00000000        0x0 HAL/LED/LED.o
 .text.LED0_Init
                0x00000000        0xc HAL/LED/LED.o
 .text.LED0_ON  0x00000000        0xc HAL/LED/LED.o
 .text.LED0_OFF
                0x00000000        0xc HAL/LED/LED.o
 .text.LED0_TGL
                0x00000000        0xa HAL/LED/LED.o
 .debug_info    0x00000000      0x170 HAL/LED/LED.o
 .debug_abbrev  0x00000000       0x6f HAL/LED/LED.o
 .debug_aranges
                0x00000000       0x38 HAL/LED/LED.o
 .debug_ranges  0x00000000       0x28 HAL/LED/LED.o
 .debug_line    0x00000000       0x97 HAL/LED/LED.o
 .debug_str     0x00000000      0x1ec HAL/LED/LED.o
 .comment       0x00000000       0x31 HAL/LED/LED.o
 .debug_frame   0x00000000       0x54 HAL/LED/LED.o
 .text          0x00000000        0x0 HAL/Relay/Relay.o
 .data          0x00000000        0x0 HAL/Relay/Relay.o
 .bss           0x00000000        0x0 HAL/Relay/Relay.o
 .text.Relay_Init
                0x00000000        0x8 HAL/Relay/Relay.o
 .text.Relay_ON
                0x00000000        0x8 HAL/Relay/Relay.o
 .text.Relay_OFF
                0x00000000        0x8 HAL/Relay/Relay.o
 .text.Relay_TGL
                0x00000000        0xa HAL/Relay/Relay.o
 .debug_info    0x00000000       0xe1 HAL/Relay/Relay.o
 .debug_abbrev  0x00000000       0x51 HAL/Relay/Relay.o
 .debug_aranges
                0x00000000       0x38 HAL/Relay/Relay.o
 .debug_ranges  0x00000000       0x28 HAL/Relay/Relay.o
 .debug_line    0x00000000       0xa4 HAL/Relay/Relay.o
 .debug_str     0x00000000      0x1c7 HAL/Relay/Relay.o
 .comment       0x00000000       0x31 HAL/Relay/Relay.o
 .debug_frame   0x00000000       0x54 HAL/Relay/Relay.o
 .text          0x00000000        0x0 HAL/Temp_Sensor/Temp_Sensor.o
 .data          0x00000000        0x0 HAL/Temp_Sensor/Temp_Sensor.o
 .bss           0x00000000        0x0 HAL/Temp_Sensor/Temp_Sensor.o
 .text          0x00000000        0x0 MCAL/DIO.o
 .data          0x00000000        0x0 MCAL/DIO.o
 .bss           0x00000000        0x0 MCAL/DIO.o
 .text.DIO_TogglePin
                0x00000000       0x68 MCAL/DIO.o
 .text.DIO_ReadPin_Value
                0x00000000       0x68 MCAL/DIO.o
 .text.DIO_SetPort_Direction
                0x00000000       0x20 MCAL/DIO.o
 .text.DIO_SetPort_Value
                0x00000000       0x20 MCAL/DIO.o
 .text.DIO_TogglePort
                0x00000000       0x30 MCAL/DIO.o
 .text.DIO_ReadPort_Value
                0x00000000       0x30 MCAL/DIO.o
 .text.DIO_SetPULLUP
                0x00000000       0x68 MCAL/DIO.o
 .text          0x00000000        0x0 c:/program files (x86)/atmel/studio/7.0/toolchain/avr8/avr8-gnu-toolchain/bin/../lib/gcc/avr/5.4.0/avr5\libgcc.a(_udivmodsi4.o)
 .data          0x00000000        0x0 c:/program files (x86)/atmel/studio/7.0/toolchain/avr8/avr8-gnu-toolchain/bin/../lib/gcc/avr/5.4.0/avr5\libgcc.a(_udivmodsi4.o)
 .bss           0x00000000        0x0 c:/program files (x86)/atmel/studio/7.0/toolchain/avr8/avr8-gnu-toolchain/bin/../lib/gcc/avr/5.4.0/avr5\libgcc.a(_udivmodsi4.o)
 .text.libgcc.mul
                0x00000000        0x0 c:/program files (x86)/atmel/studio/7.0/toolchain/avr8/avr8-gnu-toolchain/bin/../lib/gcc/avr/5.4.0/avr5\libgcc.a(_udivmodsi4.o)
 .text.libgcc   0x00000000        0x0 c:/program files (x86)/atmel/studio/7.0/toolchain/avr8/avr8-gnu-toolchain/bin/../lib/gcc/avr/5.4.0/avr5\libgcc.a(_udivmodsi4.o)
 .text.libgcc.prologue
                0x00000000        0x0 c:/program files (x86)/atmel/studio/7.0/toolchain/avr8/avr8-gnu-toolchain/bin/../lib/gcc/avr/5.4.0/avr5\libgcc.a(_udivmodsi4.o)
 .text.libgcc.builtins
                0x00000000        0x0 c:/program files (x86)/atmel/studio/7.0/toolchain/avr8/avr8-gnu-toolchain/bin/../lib/gcc/avr/5.4.0/avr5\libgcc.a(_udivmodsi4.o)
 .text.libgcc.fmul
                0x00000000        0x0 c:/program files (x86)/atmel/studio/7.0/toolchain/avr8/avr8-gnu-toolchain/bin/../lib/gcc/avr/5.4.0/avr5\libgcc.a(_udivmodsi4.o)
 .text.libgcc.fixed
                0x00000000        0x0 c:/program files (x86)/atmel/studio/7.0/toolchain/avr8/avr8-gnu-toolchain/bin/../lib/gcc/avr/5.4.0/avr5\libgcc.a(_udivmodsi4.o)
 .text          0x00000000        0x0 c:/program files (x86)/atmel/studio/7.0/toolchain/avr8/avr8-gnu-toolchain/bin/../lib/gcc/avr/5.4.0/avr5\libgcc.a(_exit.o)
 .data          0x00000000        0x0 c:/program files (x86)/atmel/studio/7.0/toolchain/avr8/avr8-gnu-toolchain/bin/../lib/gcc/avr/5.4.0/avr5\libgcc.a(_exit.o)
 .bss           0x00000000        0x0 c:/program files (x86)/atmel/studio/7.0/toolchain/avr8/avr8-gnu-toolchain/bin/../lib/gcc/avr/5.4.0/avr5\libgcc.a(_exit.o)
 .text.libgcc.mul
                0x00000000        0x0 c:/program files (x86)/atmel/studio/7.0/toolchain/avr8/avr8-gnu-toolchain/bin/../lib/gcc/avr/5.4.0/avr5\libgcc.a(_exit.o)
 .text.libgcc.div
                0x00000000        0x0 c:/program files (x86)/atmel/studio/7.0/toolchain/avr8/avr8-gnu-toolchain/bin/../lib/gcc/avr/5.4.0/avr5\libgcc.a(_exit.o)
 .text.libgcc   0x00000000        0x0 c:/program files (x86)/atmel/studio/7.0/toolchain/avr8/avr8-gnu-toolchain/bin/../lib/gcc/avr/5.4.0/avr5\libgcc.a(_exit.o)
 .text.libgcc.prologue
                0x00000000        0x0 c:/program files (x86)/atmel/studio/7.0/toolchain/avr8/avr8-gnu-toolchain/bin/../lib/gcc/avr/5.4.0/avr5\libgcc.a(_exit.o)
 .text.libgcc.builtins
                0x00000000        0x0 c:/program files (x86)/atmel/studio/7.0/toolchain/avr8/avr8-gnu-toolchain/bin/../lib/gcc/avr/5.4.0/avr5\libgcc.a(_exit.o)
 .text.libgcc.fmul
                0x00000000        0x0 c:/program files (x86)/atmel/studio/7.0/toolchain/avr8/avr8-gnu-toolchain/bin/../lib/gcc/avr/5.4.0/avr5\libgcc.a(_exit.o)
 .text.libgcc.fixed
                0x00000000        0x0 c:/program files (x86)/atmel/studio/7.0/toolchain/avr8/avr8-gnu-toolchain/bin/../lib/gcc/avr/5.4.0/avr5\libgcc.a(_exit.o)
 .text          0x00000000        0x0 c:/program files (x86)/atmel/studio/7.0/toolchain/avr8/avr8-gnu-toolchain/bin/../lib/gcc/avr/5.4.0/avr5\libgcc.a(_copy_data.o)
 .data          0x00000000        0x0 c:/program files (x86)/atmel/studio/7.0/toolchain/avr8/avr8-gnu-toolchain/bin/../lib/gcc/avr/5.4.0/avr5\libgcc.a(_copy_data.o)
 .bss           0x00000000        0x0 c:/program files (x86)/atmel/studio/7.0/toolchain/avr8/avr8-gnu-toolchain/bin/../lib/gcc/avr/5.4.0/avr5\libgcc.a(_copy_data.o)
 .text.libgcc.mul
                0x00000000        0x0 c:/program files (x86)/atmel/studio/7.0/toolchain/avr8/avr8-gnu-toolchain/bin/../lib/gcc/avr/5.4.0/avr5\libgcc.a(_copy_data.o)
 .text.libgcc.div
                0x00000000        0x0 c:/program files (x86)/atmel/studio/7.0/toolchain/avr8/avr8-gnu-toolchain/bin/../lib/gcc/avr/5.4.0/avr5\libgcc.a(_copy_data.o)
 .text.libgcc   0x00000000        0x0 c:/program files (x86)/atmel/studio/7.0/toolchain/avr8/avr8-gnu-toolchain/bin/../lib/gcc/avr/5.4.0/avr5\libgcc.a(_copy_data.o)
 .text.libgcc.prologue
                0x00000000        0x0 c:/program files (x86)/atmel/studio/7.0/toolchain/avr8/avr8-gnu-toolchain/bin/../lib/gcc/avr/5.4.0/avr5\libgcc.a(_copy_data.o)
 .text.libgcc.builtins
                0x00000000        0x0 c:/program files (x86)/atmel/studio/7.0/toolchain/avr8/avr8-gnu-toolchain/bin/../lib/gcc/avr/5.4.0/avr5\libgcc.a(_copy_data.o)
 .text.libgcc.fmul
                0x00000000        0x0 c:/program files (x86)/atmel/studio/7.0/toolchain/avr8/avr8-gnu-toolchain/bin/../lib/gcc/avr/5.4.0/avr5\libgcc.a(_copy_data.o)
 .text.libgcc.fixed
                0x00000000        0x0 c:/program files (x86)/atmel/studio/7.0/toolchain/avr8/avr8-gnu-toolchain/bin/../lib/gcc/avr/5.4.0/avr5\libgcc.a(_copy_data.o)
 .text          0x00000000        0x0 c:/program files (x86)/atmel/studio/7.0/toolchain/avr8/avr8-gnu-toolchain/bin/../lib/gcc/avr/5.4.0/avr5\libgcc.a(_umulhisi3.o)
 .data          0x00000000        0x0 c:/program files (x86)/atmel/studio/7.0/toolchain/avr8/avr8-gnu-toolchain/bin/../lib/gcc/avr/5.4.0/avr5\libgcc.a(_umulhisi3.o)
 .bss           0x00000000        0x0 c:/program files (x86)/atmel/studio/7.0/toolchain/avr8/avr8-gnu-toolchain/bin/../lib/gcc/avr/5.4.0/avr5\libgcc.a(_umulhisi3.o)
 .text.libgcc.div
                0x00000000        0x0 c:/program files (x86)/atmel/studio/7.0/toolchain/avr8/avr8-gnu-toolchain/bin/../lib/gcc/avr/5.4.0/avr5\libgcc.a(_umulhisi3.o)
 .text.libgcc   0x00000000        0x0 c:/program files (x86)/atmel/studio/7.0/toolchain/avr8/avr8-gnu-toolchain/bin/../lib/gcc/avr/5.4.0/avr5\libgcc.a(_umulhisi3.o)
 .text.libgcc.prologue
                0x00000000        0x0 c:/program files (x86)/atmel/studio/7.0/toolchain/avr8/avr8-gnu-toolchain/bin/../lib/gcc/avr/5.4.0/avr5\libgcc.a(_umulhisi3.o)
 .text.libgcc.builtins
                0x00000000        0x0 c:/program files (x86)/atmel/studio/7.0/toolchain/avr8/avr8-gnu-toolchain/bin/../lib/gcc/avr/5.4.0/avr5\libgcc.a(_umulhisi3.o)
 .text.libgcc.fmul
                0x00000000        0x0 c:/program files (x86)/atmel/studio/7.0/toolchain/avr8/avr8-gnu-toolchain/bin/../lib/gcc/avr/5.4.0/avr5\libgcc.a(_umulhisi3.o)
 .text.libgcc.fixed
                0x00000000        0x0 c:/program files (x86)/atmel/studio/7.0/toolchain/avr8/avr8-gnu-toolchain/bin/../lib/gcc/avr/5.4.0/avr5\libgcc.a(_umulhisi3.o)
 .text          0x00000000        0x0 c:/program files (x86)/atmel/studio/7.0/toolchain/avr8/avr8-gnu-toolchain/bin/../lib/gcc/avr/5.4.0/../../../../avr/lib/avr5\libc.a(ltoa.o)
 .data          0x00000000        0x0 c:/program files (x86)/atmel/studio/7.0/toolchain/avr8/avr8-gnu-toolchain/bin/../lib/gcc/avr/5.4.0/../../../../avr/lib/avr5\libc.a(ltoa.o)
 .bss           0x00000000        0x0 c:/program files (x86)/atmel/studio/7.0/toolchain/avr8/avr8-gnu-toolchain/bin/../lib/gcc/avr/5.4.0/../../../../avr/lib/avr5\libc.a(ltoa.o)
 .text          0x00000000        0x0 c:/program files (x86)/atmel/studio/7.0/toolchain/avr8/avr8-gnu-toolchain/bin/../lib/gcc/avr/5.4.0/../../../../avr/lib/avr5\libc.a(ltoa_ncheck.o)
 .data          0x00000000        0x0 c:/program files (x86)/atmel/studio/7.0/toolchain/avr8/avr8-gnu-toolchain/bin/../lib/gcc/avr/5.4.0/../../../../avr/lib/avr5\libc.a(ltoa_ncheck.o)
 .bss           0x00000000        0x0 c:/program files (x86)/atmel/studio/7.0/toolchain/avr8/avr8-gnu-toolchain/bin/../lib/gcc/avr/5.4.0/../../../../avr/lib/avr5\libc.a(ltoa_ncheck.o)
 .text          0x00000000        0x0 c:/program files (x86)/atmel/studio/7.0/toolchain/avr8/avr8-gnu-toolchain/bin/../lib/gcc/avr/5.4.0/../../../../avr/lib/avr5\libc.a(ultoa_ncheck.o)
 .data          0x00000000        0x0 c:/program files (x86)/atmel/studio/7.0/toolchain/avr8/avr8-gnu-toolchain/bin/../lib/gcc/avr/5.4.0/../../../../avr/lib/avr5\libc.a(ultoa_ncheck.o)
 .bss           0x00000000        0x0 c:/program files (x86)/atmel/studio/7.0/toolchain/avr8/avr8-gnu-toolchain/bin/../lib/gcc/avr/5.4.0/../../../../avr/lib/avr5\libc.a(ultoa_ncheck.o)
 .text          0x00000000        0x0 c:/program files (x86)/atmel/studio/7.0/toolchain/avr8/avr8-gnu-toolchain/bin/../lib/gcc/avr/5.4.0/../../../../avr/lib/avr5\libc.a(strrev.o)
 .data          0x00000000        0x0 c:/program files (x86)/atmel/studio/7.0/toolchain/avr8/avr8-gnu-toolchain/bin/../lib/gcc/avr/5.4.0/../../../../avr/lib/avr5\libc.a(strrev.o)
 .bss           0x00000000        0x0 c:/program files (x86)/atmel/studio/7.0/toolchain/avr8/avr8-gnu-toolchain/bin/../lib/gcc/avr/5.4.0/../../../../avr/lib/avr5\libc.a(strrev.o)

Memory Configuration

Name             Origin             Length             Attributes
text             0x00000000         0x00008000         xr
data             0x00800060         0x00000800         rw !x
eeprom           0x00810000         0x00000400         rw !x
fuse             0x00820000         0x00000002         rw !x
lock             0x00830000         0x00000400         rw !x
signature        0x00840000         0x00000400         rw !x
user_signatures  0x00850000         0x00000400         rw !x
*default*        0x00000000         0xffffffff

Linker script and memory map

LOAD C:/Program Files (x86)/Atmel/Studio/7.0/Packs/atmel/ATmega_DFP/1.6.364/gcc/dev/atmega32/avr5/crtatmega32.o
LOAD APP/main.o
LOAD HAL/ADC/ADC.o
LOAD HAL/Button/BUTTON.o
LOAD HAL/Buzzer/Buzzer.o
LOAD HAL/Ext_Interrupt/EXT_INTERRUPT.o
LOAD HAL/Hbridge/Hbridge.o
LOAD HAL/Keypad/KEYPAD.o
LOAD HAL/LCD/LCD.o
LOAD HAL/LED/LED.o
LOAD HAL/Relay/Relay.o
LOAD HAL/Temp_Sensor/Temp_Sensor.o
LOAD MCAL/DIO.o
START GROUP
LOAD c:/program files (x86)/atmel/studio/7.0/toolchain/avr8/avr8-gnu-toolchain/bin/../lib/gcc/avr/5.4.0/../../../../avr/lib/avr5\libm.a
END GROUP
START GROUP
LOAD c:/program files (x86)/atmel/studio/7.0/toolchain/avr8/avr8-gnu-toolchain/bin/../lib/gcc/avr/5.4.0/avr5\libgcc.a
LOAD c:/program files (x86)/atmel/studio/7.0/toolchain/avr8/avr8-gnu-toolchain/bin/../lib/gcc/avr/5.4.0/../../../../avr/lib/avr5\libm.a
LOAD c:/program files (x86)/atmel/studio/7.0/toolchain/avr8/avr8-gnu-toolchain/bin/../lib/gcc/avr/5.4.0/../../../../avr/lib/avr5\libc.a
LOAD C:/Program Files (x86)/Atmel/Studio/7.0/Packs/atmel/ATmega_DFP/1.6.364/gcc/dev/atmega32/avr5\libatmega32.a
END GROUP
                0x00000000                __TEXT_REGION_ORIGIN__ = DEFINED (__TEXT_REGION_ORIGIN__)?__TEXT_REGION_ORIGIN__:0x0
                [0x00800060]                __DATA_REGION_ORIGIN__ = DEFINED (__DATA_REGION_ORIGIN__)?__DATA_REGION_ORIGIN__:0x800060
                [0x00008000]                __TEXT_REGION_LENGTH__ = DEFINED (__TEXT_REGION_LENGTH__)?__TEXT_REGION_LENGTH__:0x20000
                [0x00000800]                __DATA_REGION_LENGTH__ = DEFINED (__DATA_REGION_LENGTH__)?__DATA_REGION_LENGTH__:0xffa0
                [0x00000400]                __EEPROM_REGION_LENGTH__ = DEFINED (__EEPROM_REGION_LENGTH__)?__EEPROM_REGION_LENGTH__:0x10000
                [0x00000002]                __FUSE_REGION_LENGTH__ = DEFINED (__FUSE_REGION_LENGTH__)?__FUSE_REGION_LENGTH__:0x400
                0x00000400                __LOCK_REGION_LENGTH__ = DEFINED (__LOCK_REGION_LENGTH__)?__LOCK_REGION_LENGTH__:0x400
                0x00000400                __SIGNATURE_REGION_LENGTH__ = DEFINED (__SIGNATURE_REGION_LENGTH__)?__SIGNATURE_REGION_LENGTH__:0x400
                0x00000400                __USER_SIGNATURE_REGION_LENGTH__ = DEFINED (__USER_SIGNATURE_REGION_LENGTH__)?__USER_SIGNATURE_REGION_LENGTH__:0x400

.hash
 *(.hash)

.dynsym
 *(.dynsym)

.dynstr
 *(.dynstr)

.gnu.version
 *(.gnu.version)

.gnu.version_d
 *(.gnu.version_d)

.gnu.version_r
 *(.gnu.version_r)

.rel.init
 *(.rel.init)

.rela.init
 *(.rela.init)

.rel.text
 *(.rel.text)
 *(.rel.text.*)
 *(.rel.gnu.linkonce.t*)

.rela.text
 *(.rela.text)
 *(.rela.text.*)
 *(.rela.gnu.linkonce.t*)

.rel.fini
 *(.rel.fini)

.rela.fini
 *(.rela.fini)

.rel.rodata
 *(.rel.rodata)
 *(.rel.rodata.*)
 *(.rel.gnu.linkonce.r*)

.rela.rodata
 *(.rela.rodata)
 *(.rela.rodata.*)
 *(.rela.gnu.linkonce.r*)

.rel.data
 *(.rel.data)
 *(.rel.data.*)
 *(.rel.gnu.linkonce.d*)

.rela.data
 *(.rela.data)
 *(.rela.data.*)
 *(.rela.gnu.linkonce.d*)

.rel.ctors
 *(.rel.ctors)

.rela.ctors
 *(.rela.ctors)

.rel.dtors
 *(.rel.dtors)

.rela.dtors
 *(.rela.dtors)

.rel.got
 *(.rel.got)

.rela.got
 *(.rela.got)

.rel.bss
 *(.rel.bss)

.rela.bss
 *(.rela.bss)

.rel.plt
 *(.rel.plt)

.rela.plt
 *(.rela.plt)

.text           0x00000000      0x614
 *(.vectors)
 .vectors       0x00000000       0x54 C:/Program Files (x86)/Atmel/Studio/7.0/Packs/atmel/ATmega_DFP/1.6.364/gcc/dev/atmega32/avr5/crtatmega32.o
                0x00000000                __vector_default
                0x00000000                __vectors
 *(.vectors)
 *(.progmem.gcc*)
                0x00000054                . = ALIGN (0x2)
                0x00000054                __trampolines_start = .
 *(.trampolines)
 .trampolines   0x00000054        0x0 linker stubs
 *(.trampolines*)
                0x00000054                __trampolines_end = .
 *libprintf_flt.a:*(.progmem.data)
 *libc.a:*(.progmem.data)
 *(.progmem*)
                0x00000054                . = ALIGN (0x2)
 *(.jumptables)
 *(.jumptables*)
 *(.lowtext)
 *(.lowtext*)
                0x00000054                __ctors_start = .
 *(.ctors)
                0x00000054                __ctors_end = .
                0x00000054                __dtors_start = .
 *(.dtors)
                0x00000054                __dtors_end = .
 SORT(*)(.ctors)
 SORT(*)(.dtors)
 *(.init0)
 .init0         0x00000054        0x0 C:/Program Files (x86)/Atmel/Studio/7.0/Packs/atmel/ATmega_DFP/1.6.364/gcc/dev/atmega32/avr5/crtatmega32.o
                0x00000054                __init
 *(.init0)
 *(.init1)
 *(.init1)
 *(.init2)
 .init2         0x00000054        0xc C:/Program Files (x86)/Atmel/Studio/7.0/Packs/atmel/ATmega_DFP/1.6.364/gcc/dev/atmega32/avr5/crtatmega32.o
 *(.init2)
 *(.init3)
 *(.init3)
 *(.init4)
 .init4         0x00000060       0x16 c:/program files (x86)/atmel/studio/7.0/toolchain/avr8/avr8-gnu-toolchain/bin/../lib/gcc/avr/5.4.0/avr5\libgcc.a(_copy_data.o)
                0x00000060                __do_copy_data
 *(.init4)
 *(.init5)
 *(.init5)
 *(.init6)
 *(.init6)
 *(.init7)
 *(.init7)
 *(.init8)
 *(.init8)
 *(.init9)
 .init9         0x00000076        0x8 C:/Program Files (x86)/Atmel/Studio/7.0/Packs/atmel/ATmega_DFP/1.6.364/gcc/dev/atmega32/avr5/crtatmega32.o
 *(.init9)
 *(.text)
 .text          0x0000007e        0x4 C:/Program Files (x86)/Atmel/Studio/7.0/Packs/atmel/ATmega_DFP/1.6.364/gcc/dev/atmega32/avr5/crtatmega32.o
                0x0000007e                __vector_1
                0x0000007e                __vector_12
                0x0000007e                __bad_interrupt
                0x0000007e                __vector_6
                0x0000007e                __vector_3
                0x0000007e                __vector_11
                0x0000007e                __vector_13
                0x0000007e                __vector_17
                0x0000007e                __vector_19
                0x0000007e                __vector_7
                0x0000007e                __vector_5
                0x0000007e                __vector_4
                0x0000007e                __vector_9
                0x0000007e                __vector_2
                0x0000007e                __vector_15
                0x0000007e                __vector_8
                0x0000007e                __vector_14
                0x0000007e                __vector_10
                0x0000007e                __vector_16
                0x0000007e                __vector_18
                0x0000007e                __vector_20
                0x00000082                . = ALIGN (0x2)
 *(.text.*)
 .text.main     0x00000082       0x42 APP/main.o
                0x00000082                main
 .text.ADC_Init
                0x000000c4       0x50 HAL/ADC/ADC.o
                0x000000c4                ADC_Init
 .text.ADC_Read
                0x00000114       0x10 HAL/ADC/ADC.o
                0x00000114                ADC_Read
 .text.LCD_Write_Command
                0x00000124       0x8e HAL/LCD/LCD.o
                0x00000124                LCD_Write_Command
 .text.LCD_Init
                0x000001b2       0x84 HAL/LCD/LCD.o
                0x000001b2                LCD_Init
 .text.LCD_Write_Data
                0x00000236       0x8e HAL/LCD/LCD.o
                0x00000236                LCD_Write_Data
 .text.LCD_Clear
                0x000002c4        0x8 HAL/LCD/LCD.o
                0x000002c4                LCD_Clear
 .text.LCD_Write_String
                0x000002cc       0x26 HAL/LCD/LCD.o
                0x000002cc                LCD_Write_String
 .text.LCD_Write_Number
                0x000002f2       0x3c HAL/LCD/LCD.o
                0x000002f2                LCD_Write_Number
 .text.Temp_Sensor_Init
                0x0000032e        0x6 HAL/Temp_Sensor/Temp_Sensor.o
                0x0000032e                Temp_Sensor_Init
 .text.Temp_Sensor_Read
                0x00000334       0x1e HAL/Temp_Sensor/Temp_Sensor.o
                0x00000334                Temp_Sensor_Read
 .text.DIO_SetPin_Direction
                0x00000352       0xe2 MCAL/DIO.o
                0x00000352                DIO_SetPin_Direction
 .text.DIO_SetPin_Value
                0x00000434       0xe2 MCAL/DIO.o
                0x00000434                DIO_SetPin_Value
 .text.libgcc.div
                0x00000516       0x44 c:/program files (x86)/atmel/studio/7.0/toolchain/avr8/avr8-gnu-toolchain/bin/../lib/gcc/avr/5.4.0/avr5\libgcc.a(_udivmodsi4.o)
                0x00000516                __udivmodsi4
 .text.libgcc.mul
                0x0000055a       0x1e c:/program files (x86)/atmel/studio/7.0/toolchain/avr8/avr8-gnu-toolchain/bin/../lib/gcc/avr/5.4.0/avr5\libgcc.a(_umulhisi3.o)
                0x0000055a                __umulhisi3
 .text.avr-libc
                0x00000578       0x16 c:/program files (x86)/atmel/studio/7.0/toolchain/avr8/avr8-gnu-toolchain/bin/../lib/gcc/avr/5.4.0/../../../../avr/lib/avr5\libc.a(ltoa.o)
                0x00000578                ltoa
                0x00000578                __ltoa
 .text.avr-libc
                0x0000058e       0x1e c:/program files (x86)/atmel/studio/7.0/toolchain/avr8/avr8-gnu-toolchain/bin/../lib/gcc/avr/5.4.0/../../../../avr/lib/avr5\libc.a(ltoa_ncheck.o)
                0x0000058e                __ltoa_ncheck
 .text.avr-libc
                0x000005ac       0x44 c:/program files (x86)/atmel/studio/7.0/toolchain/avr8/avr8-gnu-toolchain/bin/../lib/gcc/avr/5.4.0/../../../../avr/lib/avr5\libc.a(ultoa_ncheck.o)
                0x000005ac                __ultoa_ncheck
                0x000005ae                __ultoa_common
 .text.avr-libc
                0x000005f0       0x20 c:/program files (x86)/atmel/studio/7.0/toolchain/avr8/avr8-gnu-toolchain/bin/../lib/gcc/avr/5.4.0/../../../../avr/lib/avr5\libc.a(strrev.o)
                0x000005f0                strrev
                0x00000610                . = ALIGN (0x2)
 *(.fini9)
 .fini9         0x00000610        0x0 c:/program files (x86)/atmel/studio/7.0/toolchain/avr8/avr8-gnu-toolchain/bin/../lib/gcc/avr/5.4.0/avr5\libgcc.a(_exit.o)
                0x00000610                _exit
                0x00000610                exit
 *(.fini9)
 *(.fini8)
 *(.fini8)
 *(.fini7)
 *(.fini7)
 *(.fini6)
 *(.fini6)
 *(.fini5)
 *(.fini5)
 *(.fini4)
 *(.fini4)
 *(.fini3)
 *(.fini3)
 *(.fini2)
 *(.fini2)
 *(.fini1)
 *(.fini1)
 *(.fini0)
 .fini0         0x00000610        0x4 c:/program files (x86)/atmel/studio/7.0/toolchain/avr8/avr8-gnu-toolchain/bin/../lib/gcc/avr/5.4.0/avr5\libgcc.a(_exit.o)
 *(.fini0)
                0x00000614                _etext = .

.data           0x00800060        0xe load address 0x00000614
                0x00800060                PROVIDE (__data_start, .)
 *(.data)
 *(.data*)
 *(.gnu.linkonce.d*)
 *(.rodata)
 *(.rodata*)
 .rodata.str1.1
                0x00800060        0xe APP/main.o
 *(.gnu.linkonce.r*)
                0x0080006e                . = ALIGN (0x2)
                0x0080006e                _edata = .
                0x0080006e                PROVIDE (__data_end, .)

.bss            0x0080006e        0x0
                [!provide]                PROVIDE (__bss_start, .)
 *(.bss)
 *(.bss*)
 *(COMMON)
                [!provide]                PROVIDE (__bss_end, .)
                0x00000614                __data_load_start = LOADADDR (.data)
                0x00000622                __data_load_end = (__data_load_start + SIZEOF (.data))

.noinit         0x0080006e        0x0
                [!provide]                PROVIDE (__noinit_start, .)
 *(.noinit*)
                [!provide]                PROVIDE (__noinit_end, .)
                0x0080006e                _end = .
                [!provide]                PROVIDE (__heap_start, .)

.eeprom         0x00810000        0x0
 *(.eeprom*)
                0x00810000                __eeprom_end = .

.fuse
 *(.fuse)
 *(.lfuse)
 *(.hfuse)
 *(.efuse)

.lock
 *(.lock*)

.signature
 *(.signature*)

.user_signatures
 *(.user_signatures*)

.stab
 *(.stab)

.stabstr
 *(.stabstr)

.stab.excl
 *(.stab.excl)

.stab.exclstr
 *(.stab.exclstr)

.stab.index
 *(.stab.index)

.stab.indexstr
 *(.stab.indexstr)

.comment        0x00000000       0x30
 *(.comment)
 .comment       0x00000000       0x30 APP/main.o
                                 0x31 (size before relaxing)
 .comment       0x00000030       0x31 HAL/ADC/ADC.o
 .comment       0x00000030       0x31 HAL/LCD/LCD.o
 .comment       0x00000030       0x31 HAL/Temp_Sensor/Temp_Sensor.o
 .comment       0x00000030       0x31 MCAL/DIO.o

.note.gnu.avr.deviceinfo
                0x00000000       0x3c
 .note.gnu.avr.deviceinfo
                0x00000000       0x3c C:/Program Files (x86)/Atmel/Studio/7.0/Packs/atmel/ATmega_DFP/1.6.364/gcc/dev/atmega32/avr5/crtatmega32.o

.note.gnu.build-id
 *(.note.gnu.build-id)

.debug
 *(.debug)

.line
 *(.line)

.debug_srcinfo
 *(.debug_srcinfo)

.debug_sfnames
 *(.debug_sfnames)

.debug_aranges  0x00000000      0x118
 *(.debug_aranges)
 .debug_aranges
                0x00000000       0x20 APP/main.o
 .debug_aranges
                0x00000020       0x28 HAL/ADC/ADC.o
 .debug_aranges
                0x00000048       0x48 HAL/LCD/LCD.o
 .debug_aranges
                0x00000090       0x28 HAL/Temp_Sensor/Temp_Sensor.o
 .debug_aranges
                0x000000b8       0x60 MCAL/DIO.o

.debug_pubnames
 *(.debug_pubnames)

.debug_info     0x00000000     0x12b8
 *(.debug_info .gnu.linkonce.wi.*)
 .debug_info    0x00000000      0x4e6 C:/Program Files (x86)/Atmel/Studio/7.0/Packs/atmel/ATmega_DFP/1.6.364/gcc/dev/atmega32/avr5/crtatmega32.o
 .debug_info    0x000004e6      0x201 APP/main.o
 .debug_info    0x000006e7       0xd4 HAL/ADC/ADC.o
 .debug_info    0x000007bb      0x722 HAL/LCD/LCD.o
 .debug_info    0x00000edd      0x141 HAL/Temp_Sensor/Temp_Sensor.o
 .debug_info    0x0000101e      0x29a MCAL/DIO.o

.debug_abbrev   0x00000000      0x8fb
 *(.debug_abbrev)
 .debug_abbrev  0x00000000      0x4a3 C:/Program Files (x86)/Atmel/Studio/7.0/Packs/atmel/ATmega_DFP/1.6.364/gcc/dev/atmega32/avr5/crtatmega32.o
 .debug_abbrev  0x000004a3      0x105 APP/main.o
 .debug_abbrev  0x000005a8       0x7a HAL/ADC/ADC.o
 .debug_abbrev  0x00000622      0x176 HAL/LCD/LCD.o
 .debug_abbrev  0x00000798       0xc2 HAL/Temp_Sensor/Temp_Sensor.o
 .debug_abbrev  0x0000085a       0xa1 MCAL/DIO.o

.debug_line     0x00000000      0xa0a
 *(.debug_line .debug_line.* .debug_line_end)
 .debug_line    0x00000000      0x116 C:/Program Files (x86)/Atmel/Studio/7.0/Packs/atmel/ATmega_DFP/1.6.364/gcc/dev/atmega32/avr5/crtatmega32.o
 .debug_line    0x00000116      0x1ad APP/main.o
 .debug_line    0x000002c3       0xd2 HAL/ADC/ADC.o
 .debug_line    0x00000395      0x2e1 HAL/LCD/LCD.o
 .debug_line    0x00000676       0x90 HAL/Temp_Sensor/Temp_Sensor.o
 .debug_line    0x00000706      0x304 MCAL/DIO.o

.debug_frame    0x00000000      0x1d0
 *(.debug_frame)
 .debug_frame   0x00000000       0x24 APP/main.o
 .debug_frame   0x00000024       0x34 HAL/ADC/ADC.o
 .debug_frame   0x00000058       0xa0 HAL/LCD/LCD.o
 .debug_frame   0x000000f8       0x34 HAL/Temp_Sensor/Temp_Sensor.o
 .debug_frame   0x0000012c       0xa4 MCAL/DIO.o

.debug_str      0x00000000      0x514
 *(.debug_str)
 .debug_str     0x00000000      0x196 C:/Program Files (x86)/Atmel/Studio/7.0/Packs/atmel/ATmega_DFP/1.6.364/gcc/dev/atmega32/avr5/crtatmega32.o
 .debug_str     0x00000196      0x21c APP/main.o
                                0x250 (size before relaxing)
 .debug_str     0x000003b2       0x2a HAL/ADC/ADC.o
                                0x1b5 (size before relaxing)
 .debug_str     0x000003dc       0x70 HAL/LCD/LCD.o
                                0x285 (size before relaxing)
 .debug_str     0x0000044c       0x2d HAL/Temp_Sensor/Temp_Sensor.o
                                0x1f9 (size before relaxing)
 .debug_str     0x00000479       0x9b MCAL/DIO.o
                                0x24b (size before relaxing)

.debug_loc      0x00000000      0x821
 *(.debug_loc)
 .debug_loc     0x00000000       0x70 APP/main.o
 .debug_loc     0x00000070       0x24 HAL/ADC/ADC.o
 .debug_loc     0x00000094      0x3b9 HAL/LCD/LCD.o
 .debug_loc     0x0000044d       0x18 HAL/Temp_Sensor/Temp_Sensor.o
 .debug_loc     0x00000465      0x3bc MCAL/DIO.o

.debug_macinfo
 *(.debug_macinfo)

.debug_weaknames
 *(.debug_weaknames)

.debug_funcnames
 *(.debug_funcnames)

.debug_typenames
 *(.debug_typenames)

.debug_varnames
 *(.debug_varnames)

.debug_pubtypes
 *(.debug_pubtypes)

.debug_ranges   0x00000000       0xc8
 *(.debug_ranges)
 .debug_ranges  0x00000000       0x10 APP/main.o
 .debug_ranges  0x00000010       0x18 HAL/ADC/ADC.o
 .debug_ranges  0x00000028       0x38 HAL/LCD/LCD.o
 .debug_ranges  0x00000060       0x18 HAL/Temp_Sensor/Temp_Sensor.o
 .debug_ranges  0x00000078       0x50 MCAL/DIO.o

.debug_macro
 *(.debug_macro)
OUTPUT(Building Library.elf elf32-avr)
LOAD linker stubs
